// Jest Snapshot v1, https://goo.gl/fbAQLP

exports[`HeroesContainer component renders correctly 1`] = `
Object {
  "asFragment": [Function],
  "baseElement": <body>
    <div>
      <button
        class="bg-gray-200 border border-gray-400 p-1 rounded-full fixed top-1/2 left-4 z-50 active:rotate-180"
        type="button"
      >
        <svg
          aria-hidden="true"
          class="w-6 h-6 stroke-heroblue stroke-2"
          fill="none"
          stroke="currentColor"
          stroke-width="1.5"
          viewBox="0 0 24 24"
          xmlns="http://www.w3.org/2000/svg"
        >
          <path
            d="M16.023 9.348h4.992v-.001M2.985 19.644v-4.992m0 0h4.992m-4.993 0l3.181 3.183a8.25 8.25 0 0013.803-3.7M4.031 9.865a8.25 8.25 0 0113.803-3.7l3.181 3.182m0-4.991v4.99"
            stroke-linecap="round"
            stroke-linejoin="round"
          />
        </svg>
      </button>
      <div
        class="flex justify-center mb-12"
      >
        <form
          class="flex flex-col gap-4"
        >
          <div
            class="relative w-full min-w-[200px] h-10"
          >
            <button
              aria-expanded="false"
              aria-haspopup="listbox"
              class="peer w-full h-full bg-transparent text-blue-gray-700 font-sans font-normal text-left outline outline-0 focus:outline-0 disabled:bg-blue-gray-50 disabled:border-0 transition-all border text-sm px-3 py-2.5 rounded-[7px] border-blue-gray-200"
              name="publisher"
              role="combobox"
              type="button"
            >
              <span
                class="absolute top-2/4 -translate-y-2/4 left-3 pt-0.5"
              />
              <div
                class="grid place-items-center absolute top-2/4 right-2 pt-px w-5 h-5 text-blue-gray-400 rotate-0 -translate-y-2/4 transition-all"
              >
                <svg
                  fill="currentColor"
                  viewBox="0 0 20 20"
                  xmlns="http://www.w3.org/2000/svg"
                >
                  <path
                    clip-rule="evenodd"
                    d="M5.293 7.293a1 1 0 011.414 0L10 10.586l3.293-3.293a1 1 0 111.414 1.414l-4 4a1 1 0 01-1.414 0l-4-4a1 1 0 010-1.414z"
                    fill-rule="evenodd"
                  />
                </svg>
              </div>
            </button>
            <label
              class="flex w-full h-full select-none pointer-events-none absolute left-0 font-normal transition-all -top-1.5 before:content[' '] before:block before:box-border before:w-2.5 before:h-1.5 before:mt-[6.5px] before:mr-1 before:rounded-tl-md before:pointer-events-none before:transition-all peer-disabled:before:border-transparent after:content[' '] after:block after:flex-grow after:box-border after:w-2.5 after:h-1.5 after:mt-[6.5px] after:ml-1 after:rounded-tr-md after:pointer-events-none after:transition-all peer-disabled:after:border-transparent text-sm peer-disabled:text-blue-gray-400 leading-[3.75] text-blue-gray-400 before:border-transparent after:border-transparent"
            >
              Filter Heroes
            </label>
          </div>
          <div
            class="hero-action self-center space-x-3"
          >
            <button
              class="bg-herored uppercase rounded-md border border-herored px-3 py-1.5 text-white hover:text-herored hover:bg-white tracking-wider"
              type="button"
            >
              Default 20
            </button>
            <button
              class="bg-heroblue uppercase rounded-md border border-heroblue px-3 py-1.5 text-white hover:text-heroblue hover:bg-white self-center tracking-wider"
              type="submit"
            >
              Filter
            </button>
          </div>
        </form>
      </div>
      <div
        class="Hero-Grid grid gap-6"
      />
    </div>
    <div
      id="floating-ui-root"
    />
  </body>,
  "container": <div>
    <button
      class="bg-gray-200 border border-gray-400 p-1 rounded-full fixed top-1/2 left-4 z-50 active:rotate-180"
      type="button"
    >
      <svg
        aria-hidden="true"
        class="w-6 h-6 stroke-heroblue stroke-2"
        fill="none"
        stroke="currentColor"
        stroke-width="1.5"
        viewBox="0 0 24 24"
        xmlns="http://www.w3.org/2000/svg"
      >
        <path
          d="M16.023 9.348h4.992v-.001M2.985 19.644v-4.992m0 0h4.992m-4.993 0l3.181 3.183a8.25 8.25 0 0013.803-3.7M4.031 9.865a8.25 8.25 0 0113.803-3.7l3.181 3.182m0-4.991v4.99"
          stroke-linecap="round"
          stroke-linejoin="round"
        />
      </svg>
    </button>
    <div
      class="flex justify-center mb-12"
    >
      <form
        class="flex flex-col gap-4"
      >
        <div
          class="relative w-full min-w-[200px] h-10"
        >
          <button
            aria-expanded="false"
            aria-haspopup="listbox"
            class="peer w-full h-full bg-transparent text-blue-gray-700 font-sans font-normal text-left outline outline-0 focus:outline-0 disabled:bg-blue-gray-50 disabled:border-0 transition-all border text-sm px-3 py-2.5 rounded-[7px] border-blue-gray-200"
            name="publisher"
            role="combobox"
            type="button"
          >
            <span
              class="absolute top-2/4 -translate-y-2/4 left-3 pt-0.5"
            />
            <div
              class="grid place-items-center absolute top-2/4 right-2 pt-px w-5 h-5 text-blue-gray-400 rotate-0 -translate-y-2/4 transition-all"
            >
              <svg
                fill="currentColor"
                viewBox="0 0 20 20"
                xmlns="http://www.w3.org/2000/svg"
              >
                <path
                  clip-rule="evenodd"
                  d="M5.293 7.293a1 1 0 011.414 0L10 10.586l3.293-3.293a1 1 0 111.414 1.414l-4 4a1 1 0 01-1.414 0l-4-4a1 1 0 010-1.414z"
                  fill-rule="evenodd"
                />
              </svg>
            </div>
          </button>
          <label
            class="flex w-full h-full select-none pointer-events-none absolute left-0 font-normal transition-all -top-1.5 before:content[' '] before:block before:box-border before:w-2.5 before:h-1.5 before:mt-[6.5px] before:mr-1 before:rounded-tl-md before:pointer-events-none before:transition-all peer-disabled:before:border-transparent after:content[' '] after:block after:flex-grow after:box-border after:w-2.5 after:h-1.5 after:mt-[6.5px] after:ml-1 after:rounded-tr-md after:pointer-events-none after:transition-all peer-disabled:after:border-transparent text-sm peer-disabled:text-blue-gray-400 leading-[3.75] text-blue-gray-400 before:border-transparent after:border-transparent"
          >
            Filter Heroes
          </label>
        </div>
        <div
          class="hero-action self-center space-x-3"
        >
          <button
            class="bg-herored uppercase rounded-md border border-herored px-3 py-1.5 text-white hover:text-herored hover:bg-white tracking-wider"
            type="button"
          >
            Default 20
          </button>
          <button
            class="bg-heroblue uppercase rounded-md border border-heroblue px-3 py-1.5 text-white hover:text-heroblue hover:bg-white self-center tracking-wider"
            type="submit"
          >
            Filter
          </button>
        </div>
      </form>
    </div>
    <div
      class="Hero-Grid grid gap-6"
    />
  </div>,
  "debug": [Function],
  "findAllByAltText": [Function],
  "findAllByDisplayValue": [Function],
  "findAllByLabelText": [Function],
  "findAllByPlaceholderText": [Function],
  "findAllByRole": [Function],
  "findAllByTestId": [Function],
  "findAllByText": [Function],
  "findAllByTitle": [Function],
  "findByAltText": [Function],
  "findByDisplayValue": [Function],
  "findByLabelText": [Function],
  "findByPlaceholderText": [Function],
  "findByRole": [Function],
  "findByTestId": [Function],
  "findByText": [Function],
  "findByTitle": [Function],
  "getAllByAltText": [Function],
  "getAllByDisplayValue": [Function],
  "getAllByLabelText": [Function],
  "getAllByPlaceholderText": [Function],
  "getAllByRole": [Function],
  "getAllByTestId": [Function],
  "getAllByText": [Function],
  "getAllByTitle": [Function],
  "getByAltText": [Function],
  "getByDisplayValue": [Function],
  "getByLabelText": [Function],
  "getByPlaceholderText": [Function],
  "getByRole": [Function],
  "getByTestId": [Function],
  "getByText": [Function],
  "getByTitle": [Function],
  "queryAllByAltText": [Function],
  "queryAllByDisplayValue": [Function],
  "queryAllByLabelText": [Function],
  "queryAllByPlaceholderText": [Function],
  "queryAllByRole": [Function],
  "queryAllByTestId": [Function],
  "queryAllByText": [Function],
  "queryAllByTitle": [Function],
  "queryByAltText": [Function],
  "queryByDisplayValue": [Function],
  "queryByLabelText": [Function],
  "queryByPlaceholderText": [Function],
  "queryByRole": [Function],
  "queryByTestId": [Function],
  "queryByText": [Function],
  "queryByTitle": [Function],
  "rerender": [Function],
  "unmount": [Function],
}
`;
